// Jest Snapshot v1, https://goo.gl/fbAQLP

exports[`picSourceChooser should load and render 1`] = `
<Modal
  animationType="fade"
  hardwareAccelerated={false}
  onRequestClose={[MockFunction]}
  transparent={true}
  visible={true}
>
  <View
    style={
      [
        {
          "alignItems": "center",
          "flex": 1,
          "justifyContent": "center",
        },
        {
          "height": 1334,
          "width": 750,
        },
      ]
    }
  >
    <View
      style={
        {
          "backgroundColor": "white",
          "borderColor": "#104e01",
          "borderRadius": 5,
          "borderWidth": 1,
          "marginLeft": 48.75,
          "marginRight": 48.75,
          "minWidth": 652.5,
        }
      }
    >
      <View
        style={
          {
            "alignItems": "center",
            "borderColor": "#104e01",
            "borderRadius": 5,
            "borderStyle": "solid",
            "borderWidth": 1,
            "height": 600,
            "justifyContent": "center",
            "marginLeft": 26.250000000000004,
            "marginRight": 26.250000000000004,
            "marginTop": 26.68,
            "overflow": "hidden",
            "width": 600,
          }
        }
      >
        <Image
          resizeMode="cover"
          source={
            {
              "uri": "mockInitialImageUrl",
            }
          }
          style={
            {
              "height": "100%",
              "width": "100%",
            }
          }
        />
      </View>
      <View
        accessibilityState={
          {
            "busy": undefined,
            "checked": undefined,
            "disabled": undefined,
            "expanded": undefined,
            "selected": undefined,
          }
        }
        accessibilityValue={
          {
            "max": undefined,
            "min": undefined,
            "now": undefined,
            "text": undefined,
          }
        }
        accessible={true}
        collapsable={false}
        focusable={true}
        onClick={[Function]}
        onResponderGrant={[Function]}
        onResponderMove={[Function]}
        onResponderRelease={[Function]}
        onResponderTerminate={[Function]}
        onResponderTerminationRequest={[Function]}
        onStartShouldSetResponder={[Function]}
        style={
          {
            "alignItems": "center",
            "backgroundColor": "#fff59b",
            "borderColor": "#104e01",
            "borderRadius": 11.25,
            "borderStyle": "solid",
            "borderWidth": 1,
            "flexDirection": "row",
            "height": 106.72,
            "justifyContent": "center",
            "marginLeft": 26.250000000000004,
            "marginRight": 26.250000000000004,
            "marginTop": 6.67,
            "minWidth": 600,
            "opacity": 1,
          }
        }
      >
        <Icon
          name="camera"
          size={53.36}
          style={
            {
              "color": "#104e01",
            }
          }
        />
        <Text
          maxFontSizeMultiplier={1.5}
          style={
            {
              "color": "#104e01",
              "fontSize": 34.420424532535904,
              "fontWeight": "bold",
              "marginLeft": "5%",
              "marginRight": "5%",
              "textAlign": "center",
            }
          }
        >
          Take photo
        </Text>
      </View>
      <View
        accessibilityState={
          {
            "busy": undefined,
            "checked": undefined,
            "disabled": undefined,
            "expanded": undefined,
            "selected": undefined,
          }
        }
        accessibilityValue={
          {
            "max": undefined,
            "min": undefined,
            "now": undefined,
            "text": undefined,
          }
        }
        accessible={true}
        collapsable={false}
        focusable={true}
        onClick={[Function]}
        onResponderGrant={[Function]}
        onResponderMove={[Function]}
        onResponderRelease={[Function]}
        onResponderTerminate={[Function]}
        onResponderTerminationRequest={[Function]}
        onStartShouldSetResponder={[Function]}
        style={
          {
            "alignItems": "center",
            "backgroundColor": "#fff59b",
            "borderColor": "#104e01",
            "borderRadius": 11.25,
            "borderStyle": "solid",
            "borderWidth": 1,
            "flexDirection": "row",
            "height": 106.72,
            "justifyContent": "center",
            "marginLeft": 26.250000000000004,
            "marginRight": 26.250000000000004,
            "marginTop": 6.67,
            "minWidth": 600,
            "opacity": 1,
          }
        }
      >
        <Icon
          name="camera-burst"
          size={53.36}
          style={
            {
              "color": "#104e01",
            }
          }
        />
        <Text
          maxFontSizeMultiplier={1.5}
          style={
            {
              "color": "#104e01",
              "fontSize": 34.420424532535904,
              "fontWeight": "bold",
              "marginLeft": "5%",
              "marginRight": "5%",
              "textAlign": "center",
            }
          }
        >
          Choose photo
        </Text>
      </View>
      <View
        accessibilityState={
          {
            "busy": undefined,
            "checked": undefined,
            "disabled": undefined,
            "expanded": undefined,
            "selected": undefined,
          }
        }
        accessibilityValue={
          {
            "max": undefined,
            "min": undefined,
            "now": undefined,
            "text": undefined,
          }
        }
        accessible={true}
        collapsable={false}
        focusable={true}
        onClick={[Function]}
        onResponderGrant={[Function]}
        onResponderMove={[Function]}
        onResponderRelease={[Function]}
        onResponderTerminate={[Function]}
        onResponderTerminationRequest={[Function]}
        onStartShouldSetResponder={[Function]}
        style={
          {
            "alignItems": "center",
            "backgroundColor": "#fff59b",
            "borderColor": "#104e01",
            "borderRadius": 11.25,
            "borderStyle": "solid",
            "borderWidth": 1,
            "flexDirection": "row",
            "height": 106.72,
            "justifyContent": "center",
            "marginLeft": 26.250000000000004,
            "marginRight": 26.250000000000004,
            "marginTop": 6.67,
            "minWidth": 600,
            "opacity": 1,
          }
        }
      >
        <Icon
          name="camera-burst"
          size={53.36}
          style={
            {
              "color": "#104e01",
            }
          }
        />
        <Text
          maxFontSizeMultiplier={1.5}
          style={
            {
              "color": "#104e01",
              "fontSize": 34.420424532535904,
              "fontWeight": "bold",
              "marginLeft": "5%",
              "marginRight": "5%",
              "textAlign": "center",
            }
          }
        >
          Delete photo
        </Text>
      </View>
      <View
        style={
          [
            {
              "alignSelf": "center",
              "flexDirection": "row",
              "justifyContent": "space-between",
              "width": 600,
            },
            {
              "marginBottom": 26.68,
            },
          ]
        }
      >
        <View
          accessibilityState={
            {
              "busy": undefined,
              "checked": undefined,
              "disabled": undefined,
              "expanded": undefined,
              "selected": undefined,
            }
          }
          accessibilityValue={
            {
              "max": undefined,
              "min": undefined,
              "now": undefined,
              "text": undefined,
            }
          }
          accessible={true}
          collapsable={false}
          focusable={true}
          onClick={[Function]}
          onResponderGrant={[Function]}
          onResponderMove={[Function]}
          onResponderRelease={[Function]}
          onResponderTerminate={[Function]}
          onResponderTerminationRequest={[Function]}
          onStartShouldSetResponder={[Function]}
          style={
            {
              "alignItems": "center",
              "backgroundColor": "#720000",
              "borderColor": "#104e01",
              "borderRadius": 11.25,
              "borderStyle": "solid",
              "borderWidth": 1,
              "flexDirection": "row",
              "justifyContent": "center",
              "marginTop": 6.67,
              "minHeight": 106.72,
              "opacity": 1,
              "width": 296.25,
            }
          }
        >
          <Icon
            name="cancel"
            size={53.36}
            style={
              {
                "color": "#fff59b",
              }
            }
          />
          <Text
            maxFontSizeMultiplier={1.5}
            style={
              {
                "color": "#fff59b",
                "fontSize": 34.420424532535904,
                "fontWeight": "bold",
                "marginLeft": "10%",
                "marginRight": "5%",
                "textAlign": "center",
              }
            }
          >
            Cancel
          </Text>
        </View>
        <View
          accessibilityState={
            {
              "busy": undefined,
              "checked": undefined,
              "disabled": undefined,
              "expanded": undefined,
              "selected": undefined,
            }
          }
          accessibilityValue={
            {
              "max": undefined,
              "min": undefined,
              "now": undefined,
              "text": undefined,
            }
          }
          accessible={true}
          collapsable={false}
          focusable={true}
          onClick={[Function]}
          onResponderGrant={[Function]}
          onResponderMove={[Function]}
          onResponderRelease={[Function]}
          onResponderTerminate={[Function]}
          onResponderTerminationRequest={[Function]}
          onStartShouldSetResponder={[Function]}
          style={
            {
              "alignItems": "center",
              "backgroundColor": "#104e01",
              "borderColor": "#104e01",
              "borderRadius": 11.25,
              "borderStyle": "solid",
              "borderWidth": 1,
              "flexDirection": "row",
              "justifyContent": "center",
              "marginTop": 6.67,
              "minHeight": 106.72,
              "opacity": 1,
              "width": 296.25,
            }
          }
        >
          <Icon
            name="check"
            size={53.36}
            style={
              {
                "color": "#fff59b",
              }
            }
          />
          <Text
            maxFontSizeMultiplier={1.5}
            style={
              {
                "color": "#fff59b",
                "fontSize": 34.420424532535904,
                "fontWeight": "bold",
                "marginLeft": "10%",
                "marginRight": "5%",
                "textAlign": "center",
              }
            }
          >
            Save &
            

            Close
          </Text>
        </View>
      </View>
    </View>
  </View>
</Modal>
`;
