// Jest Snapshot v1, https://goo.gl/fbAQLP

exports[`Recipe Card can be rendered using typical props and matches its previous image - 1 1`] = `
<View
  style={
    {
      "backgroundColor": "white",
      "borderColor": "#104e01",
      "borderRadius": 11.25,
      "borderStyle": "solid",
      "borderWidth": 1,
      "marginBottom": 2.668,
      "marginTop": 2.668,
      "width": "100%",
    }
  }
  testID="recipeCard"
>
  <View
    style={
      {
        "flexDirection": "row",
        "marginBottom": "1%",
        "marginTop": "1%",
        "width": "100%",
      }
    }
  >
    <View
      style={
        {
          "flex": 8,
          "justifyContent": "center",
        }
      }
    >
      <View
        accessibilityState={
          {
            "busy": undefined,
            "checked": undefined,
            "disabled": undefined,
            "expanded": undefined,
            "selected": undefined,
          }
        }
        accessibilityValue={
          {
            "max": undefined,
            "min": undefined,
            "now": undefined,
            "text": undefined,
          }
        }
        accessible={true}
        collapsable={false}
        focusable={true}
        onClick={[Function]}
        onResponderGrant={[Function]}
        onResponderMove={[Function]}
        onResponderRelease={[Function]}
        onResponderTerminate={[Function]}
        onResponderTerminationRequest={[Function]}
        onStartShouldSetResponder={[Function]}
        style={
          {
            "marginLeft": "2%",
            "marginRight": "2%",
            "opacity": 1,
            "width": "96%",
          }
        }
        testID="recipeNameButton"
      >
        <Text
          maxFontSizeMultiplier={2}
          style={
            {
              "color": "#505050",
              "fontSize": 32.12572956370018,
              "fontWeight": "bold",
              "textAlign": "left",
            }
          }
        >
          Hypoallergenic Protein Shake - on the JSON testServer
        </Text>
      </View>
      <View
        style={
          {
            "flexDirection": "row",
            "flexWrap": "wrap",
            "marginLeft": "2%",
            "marginRight": "2%",
            "width": "96%",
          }
        }
      >
        <Text
          maxFontSizeMultiplier={2}
          style={
            {
              "color": "#505050",
              "fontSize": 29.06613627191921,
              "fontStyle": "italic",
            }
          }
        >
          Created by:
           
        </Text>
        <View
          accessibilityState={
            {
              "busy": undefined,
              "checked": undefined,
              "disabled": undefined,
              "expanded": undefined,
              "selected": undefined,
            }
          }
          accessibilityValue={
            {
              "max": undefined,
              "min": undefined,
              "now": undefined,
              "text": undefined,
            }
          }
          accessible={true}
          collapsable={false}
          focusable={true}
          onClick={[Function]}
          onResponderGrant={[Function]}
          onResponderMove={[Function]}
          onResponderRelease={[Function]}
          onResponderTerminate={[Function]}
          onResponderTerminationRequest={[Function]}
          onStartShouldSetResponder={[Function]}
          style={
            {
              "opacity": 1,
            }
          }
          testID="chefNameButton"
        >
          <Text
            maxFontSizeMultiplier={2}
            style={
              {
                "color": "#505050",
                "fontSize": 29.06613627191921,
                "fontStyle": "italic",
              }
            }
          >
            Pothers
          </Text>
        </View>
      </View>
      <View
        style={
          {
            "alignItems": "center",
            "flexDirection": "row",
            "justifyContent": "center",
            "marginLeft": "2%",
            "marginRight": "2%",
            "width": "96%",
          }
        }
      >
        <Text
          maxFontSizeMultiplier={2}
          style={
            {
              "color": "#505050",
              "flex": 1,
              "fontSize": 29.06613627191921,
            }
          }
        >
          Total time: 
          00:15
        </Text>
        <Text
          maxFontSizeMultiplier={2}
          style={
            {
              "color": "#505050",
              "flex": 1,
              "fontSize": 29.06613627191921,
            }
          }
        >
          Difficulty: 
          1
          /10
        </Text>
      </View>
    </View>
    <View
      accessibilityState={
        {
          "busy": undefined,
          "checked": undefined,
          "disabled": undefined,
          "expanded": undefined,
          "selected": undefined,
        }
      }
      accessibilityValue={
        {
          "max": undefined,
          "min": undefined,
          "now": undefined,
          "text": undefined,
        }
      }
      accessible={true}
      collapsable={false}
      focusable={true}
      onClick={[Function]}
      onResponderGrant={[Function]}
      onResponderMove={[Function]}
      onResponderRelease={[Function]}
      onResponderTerminate={[Function]}
      onResponderTerminationRequest={[Function]}
      onStartShouldSetResponder={[Function]}
      style={
        {
          "alignItems": "center",
          "flex": 2,
          "justifyContent": "center",
          "opacity": 1,
          "overflow": "hidden",
        }
      }
      testID="chefImageButton"
    >
      <Image
        accessibilityLabel="picture of chef"
        source={
          {
            "uri": "https://storage.googleapis.com/chef-avatars-60b23e960161/b2dfc9913a3b2599cd378ab66ef9ee9e989e416f-20220628_182841.jpg?GoogleAccessId=recipe-share-image-handler%40recipe-share-272202.iam.gserviceaccount.com&Expires=6468591526&Signature=ftuP0lq%2FDRfkhysWQGPzNmZrRCrfc05wDDldjOZ4N47IsCQ1vTzRoHEnErmBj8NNyL02rYsfS%2FI2KnPe4oSziEGh9qsqwpFp53AWzvjVh1%2FdOwcIaPSJoMuAQtpArPrA%2BLIwH1lGxFp1GHXyL9t4QKaUKV2Z9EPd4Jb1WenUjC1f6SCLnTIkFiCi%2FKsIYK0IFaHOTbjOvgBn%2F8XBPuaCKrNHOmYQ68w08A3l6Mv3tfmm%2BHE2DUVgTt7A%2FxGGCaqVIp2lHpUr3ojsiU77azffWMg%2BdrlU6qrLVDlSou5UIceh%2FXNAXqxoBQ%2BbDbmD6P1Fm4KAvM0%2BDh2eACWiavvoXQ%3D%3D",
          }
        }
        style={
          {
            "borderRadius": 11.25,
            "height": 120.06,
            "marginRight": "4%",
            "width": 120.06,
          }
        }
      />
    </View>
  </View>
  <View
    accessibilityLabel="picture of recipe"
    accessibilityState={
      {
        "busy": undefined,
        "checked": undefined,
        "disabled": undefined,
        "expanded": undefined,
        "selected": undefined,
      }
    }
    accessibilityValue={
      {
        "max": undefined,
        "min": undefined,
        "now": undefined,
        "text": undefined,
      }
    }
    accessible={true}
    collapsable={false}
    focusable={true}
    onClick={[Function]}
    onResponderGrant={[Function]}
    onResponderMove={[Function]}
    onResponderRelease={[Function]}
    onResponderTerminate={[Function]}
    onResponderTerminationRequest={[Function]}
    onStartShouldSetResponder={[Function]}
    style={
      {
        "alignItems": "center",
        "alignSelf": "center",
        "height": 562.5,
        "opacity": 1,
        "width": 750,
      }
    }
    testID="recipeImageButton"
  >
    <Image
      source={
        {
          "uri": "https://storage.googleapis.com/test-images-be4d3e05-1e77-4efd-8571-364e22ea7c0d/recipe9.jpg?GoogleAccessId=recipe-share-image-handler%40recipe-share-272202.iam.gserviceaccount.com&Expires=6468590152&Signature=QE0BHb5NDCDLVlO6WaD%2B13tl7WJ0vrSCK3meugG%2BbKznZiP44B79nlAztn96%2Bvq2nk1P1ske9XqBK9PTRF65EX%2FdPyOr1MjVmlnOkOl%2BEj6KLIPIOmL1ymXr%2BTSEJ2eXI8iCf76%2BbszsNvHKaxaMN9ntA6b%2BB4E%2FOjt9gUc7Dr8RKWlSgvlBAuvmXgAAKaBd3Q6YOB%2B%2B%2FQn9AlzLUpQkdgNJ%2Fl1x6zYMfBRaqPopSZHgNJT36xlPIh1q5AK0ut7kb7m%2FkWAhYv%2FgJ4YevAXTCA6jb9%2BsV0Jbs8m6hE9llWdmKmpdZAKrxkh07xveRDWErmPopX%2Fws5xB08CNXpP50A%3D%3D",
        }
      }
      style={
        {
          "borderRadius": 11.25,
          "height": "100%",
          "position": "absolute",
          "width": 746,
        }
      }
    />
  </View>
  <View
    style={
      {
        "flexDirection": "row",
        "marginBottom": "1%",
        "marginTop": "1%",
      }
    }
  >
    <View
      accessibilityState={
        {
          "busy": undefined,
          "checked": undefined,
          "disabled": undefined,
          "expanded": undefined,
          "selected": undefined,
        }
      }
      accessibilityValue={
        {
          "max": undefined,
          "min": undefined,
          "now": undefined,
          "text": undefined,
        }
      }
      accessible={true}
      collapsable={false}
      focusable={true}
      onClick={[Function]}
      onResponderGrant={[Function]}
      onResponderMove={[Function]}
      onResponderRelease={[Function]}
      onResponderTerminate={[Function]}
      onResponderTerminationRequest={[Function]}
      onStartShouldSetResponder={[Function]}
      style={
        {
          "alignItems": "center",
          "flex": 1,
          "flexDirection": "row",
          "justifyContent": "center",
          "opacity": 1,
        }
      }
      testID="reShareButton"
    >
      <Icon
        accessibilityLabel="share recipe with followers"
        name="share-outline"
        size={46.690000000000005}
        style={
          {
            "alignSelf": "center",
            "color": "#505050",
            "marginRight": "10%",
          }
        }
      />
      <Text
        accessibilityLabel="shares count"
        maxFontSizeMultiplier={2}
        style={
          {
            "color": "#505050",
            "fontSize": 32.12572956370018,
            "fontWeight": "bold",
            "marginLeft": "5%",
            "textAlign": "center",
          }
        }
      >
        0
      </Text>
    </View>
    <View
      accessibilityState={
        {
          "busy": undefined,
          "checked": undefined,
          "disabled": undefined,
          "expanded": undefined,
          "selected": undefined,
        }
      }
      accessibilityValue={
        {
          "max": undefined,
          "min": undefined,
          "now": undefined,
          "text": undefined,
        }
      }
      accessible={true}
      collapsable={false}
      focusable={true}
      onClick={[Function]}
      onResponderGrant={[Function]}
      onResponderMove={[Function]}
      onResponderRelease={[Function]}
      onResponderTerminate={[Function]}
      onResponderTerminationRequest={[Function]}
      onStartShouldSetResponder={[Function]}
      style={
        {
          "alignItems": "center",
          "flex": 1,
          "flexDirection": "row",
          "justifyContent": "center",
          "opacity": 1,
        }
      }
      testID="likeButton"
    >
      <Icon
        accessibilityLabel="like recipe"
        name="heart-outline"
        size={46.690000000000005}
        style={
          {
            "alignSelf": "center",
            "color": "#505050",
            "marginRight": "10%",
          }
        }
      />
      <Text
        accessibilityLabel="likes count"
        maxFontSizeMultiplier={2}
        style={
          {
            "color": "#505050",
            "fontSize": 32.12572956370018,
            "fontWeight": "bold",
            "marginLeft": "5%",
            "textAlign": "center",
          }
        }
      >
        0
      </Text>
    </View>
    <View
      accessibilityState={
        {
          "busy": undefined,
          "checked": undefined,
          "disabled": undefined,
          "expanded": undefined,
          "selected": undefined,
        }
      }
      accessibilityValue={
        {
          "max": undefined,
          "min": undefined,
          "now": undefined,
          "text": undefined,
        }
      }
      accessible={true}
      collapsable={false}
      focusable={true}
      onClick={[Function]}
      onResponderGrant={[Function]}
      onResponderMove={[Function]}
      onResponderRelease={[Function]}
      onResponderTerminate={[Function]}
      onResponderTerminationRequest={[Function]}
      onStartShouldSetResponder={[Function]}
      style={
        {
          "alignItems": "center",
          "flex": 1,
          "flexDirection": "row",
          "justifyContent": "center",
          "opacity": 1,
        }
      }
      testID="commentButton"
    >
      <Icon
        accessibilityLabel="comment on recipe"
        name="comment-outline"
        size={46.690000000000005}
        style={
          {
            "alignSelf": "center",
            "color": "#505050",
            "marginRight": "10%",
          }
        }
      />
      <Text
        accessibilityLabel="comments count"
        maxFontSizeMultiplier={2}
        style={
          {
            "color": "#505050",
            "fontSize": 32.12572956370018,
            "fontWeight": "bold",
            "marginLeft": "5%",
            "textAlign": "center",
          }
        }
      >
        0
      </Text>
    </View>
  </View>
</View>
`;
